// Jest Snapshot v1, https://goo.gl/fbAQLP

exports[`Footer snapshot testing should Footer match snapshot 1`] = `
<DocumentFragment>
  <footer
    class="g-footer"
  >
    <div
      class="copywriting"
    >
      Footer (c) 2023
    </div>
  </footer>
</DocumentFragment>
`;
