// Jest Snapshot v1, https://goo.gl/fbAQLP

exports[`Modal snapshot testing should Modal match snapshot 1`] = `
<DocumentFragment>
  <button>
    CLOSE
  </button>
  <button>
    OPEN
  </button>
  <div
    class="modal-wrapper"
  >
    <div
      class="modal"
    >
      <div
        class="detail-item-bg"
      >
        <img
          class="back-img"
          src="NaN"
        />
      </div>
      <div
        class="modal-box"
      >
        <button
          class="modal-close"
          type="button"
        >
          <svg
            height="16"
            viewBox="0 0 16 16"
            width="16"
          >
            <path
              d="m9.3 8 6.1-6.1c.4-.4.4-.9 0-1.3s-.9-.4-1.3 0L8 6.7 1.9.6C1.6.3 1 .3.6.6c-.3.4-.3 1 0 1.3L6.7 8 .6 14.1c-.4.4-.3.9 0 1.3l.1.1c.4.3.9.2 1.2-.1L8 9.3l6.1 6.1c.4.4.9.4 1.3 0s.4-.9 0-1.3L9.3 8z"
              fill="#E62429"
            />
          </svg>
        </button>
        <div
          class="modal-title"
        >
          <h2>
            Test
          </h2>
        </div>
        <div
          class="modal-header"
        >
          <h4 />
        </div>
        <div
          class="modal-content"
        >
          <div>
            <img
              class="item-img"
              src="NaN"
            />
          </div>
          <div>
            <h3>
              Creators
            </h3>
            <p />
          </div>
        </div>
      </div>
      <div
        class="modal-footer"
      >
        <div
          class="button-wrapper"
        >
          <button
            class="btn-buy"
            type="button"
          >
            <span
              class="innerFill"
            >
              Buy $
            </span>
          </button>
        </div>
      </div>
    </div>
  </div>
</DocumentFragment>
`;
