// Jest Snapshot v1, https://goo.gl/fbAQLP

exports[`Button test work should Button snapshot 1`] = `
<DocumentFragment>
  <button
    class="btn-test"
    type="submit"
  >
    SUBMIT
  </button>
</DocumentFragment>
`;
